#
# There is insufficient memory for the Java Runtime Environment to continue.
# Native memory allocation (mmap) failed to map 264241152 bytes. Error detail: G1 virtual space
# Possible reasons:
#   The system is out of physical RAM or swap space
#   This process is running with CompressedOops enabled, and the Java Heap may be blocking the growth of the native heap
# Possible solutions:
#   Reduce memory load on the system
#   Increase physical memory or swap space
#   Check if swap backing store is full
#   Decrease Java heap size (-Xmx/-Xms)
#   Decrease number of Java threads
#   Decrease Java thread stack sizes (-Xss)
#   Set larger code cache with -XX:ReservedCodeCacheSize=
#   JVM is running with Zero Based Compressed Oops mode in which the Java heap is
#     placed in the first 32GB address space. The Java Heap base address is the
#     maximum limit for the native heap growth. Please use -XX:HeapBaseMinAddress
#     to set the Java Heap base and to place the Java Heap above 32GB virtual address.
# This output file may be truncated or incomplete.
#
#  Out of Memory Error (os_windows.cpp:3710), pid=16040, tid=22092
#
# JRE version:  (17.0.14+7) (build )
# Java VM: OpenJDK 64-Bit Server VM (17.0.14+7-LTS, mixed mode, sharing, tiered, compressed oops, compressed class ptrs, g1 gc, windows-amd64)
# No core dump will be written. Minidumps are not enabled by default on client versions of Windows
#

---------------  S U M M A R Y ------------

Command Line: -Dmaven.multiModuleProjectDirectory=. org.apache.maven.wrapper.MavenWrapperMain spring-boot:run

Host: 12th Gen Intel(R) Core(TM) i7-12700, 20 cores, 15G,  Windows 11 , 64 bit Build 26100 (10.0.26100.8246)
Time: Tue May 12 10:38:06 2026 China Standard Time elapsed time: 0.007060 seconds (0d 0h 0m 0s)

---------------  T H R E A D  ---------------

Current thread (0x00000253b6035c20):  JavaThread "Unknown thread" [_thread_in_vm, id=22092, stack(0x000000c747200000,0x000000c747300000)]

Stack: [0x000000c747200000,0x000000c747300000]
Native frames: (J=compiled Java code, j=interpreted, Vv=VM code, C=native code)
V  [jvm.dll+0x6886b9]
V  [jvm.dll+0x83f6f8]
V  [jvm.dll+0x8411a3]
V  [jvm.dll+0x841813]
V  [jvm.dll+0x2495cf]
V  [jvm.dll+0x6855f9]
V  [jvm.dll+0x679a8a]
V  [jvm.dll+0x30afc7]
V  [jvm.dll+0x312536]
V  [jvm.dll+0x362eee]
V  [jvm.dll+0x36312d]
V  [jvm.dll+0x2e225c]
V  [jvm.dll+0x2e3174]
V  [jvm.dll+0x8115fb]
V  [jvm.dll+0x370c01]
V  [jvm.dll+0x7f00ef]
V  [jvm.dll+0x3f76ff]
V  [jvm.dll+0x3f9231]
C  [jli.dll+0x52a0]
C  [ucrtbase.dll+0x37b0]
C  [KERNEL32.DLL+0x2e8d7]
C  [ntdll.dll+0x8c3fc]


---------------  P R O C E S S  ---------------

Threads class SMR info:
_java_thread_list=0x00007ffc00e9efd8, length=0, elements={
}

Java Threads: ( => current thread )

Other Threads:
  0x00000253b60a5f20 GCTaskThread "GC Thread#0" [stack: 0x000000c747300000,0x000000c747400000] [id=15684]
  0x00000253b60b75d0 ConcurrentGCThread "G1 Main Marker" [stack: 0x000000c747400000,0x000000c747500000] [id=3456]
  0x00000253b60b8da0 ConcurrentGCThread "G1 Conc#0" [stack: 0x000000c747500000,0x000000c747600000] [id=7124]

[error occurred during error reporting (printing all threads), id 0xc0000005, EXCEPTION_ACCESS_VIOLATION (0xc0000005) at pc=0x00007ffc00652db7]

VM state: not at safepoint (not fully initialized)

VM Mutex/Monitor currently owned by a thread:  ([mutex/lock_event])
[0x00000253b6034920] Heap_lock - owner thread: 0x00000253b6035c20

Heap address: 0x0000000705600000, size: 4010 MB, Compressed Oops mode: Zero based, Oop shift amount: 3

CDS archive(s) mapped at: [0x0000000000000000-0x0000000000000000-0x0000000000000000), size 0, SharedBaseAddress: 0x0000000800000000, ArchiveRelocationMode: 1.
Narrow klass base: 0x0000000000000000, Narrow klass shift: 0, Narrow klass range: 0x0

GC Precious Log:
<Empty>

Heap:
 garbage-first heap   total 0K, used 0K [0x0000000705600000, 0x0000000800000000)
  region size 2048K, 0 young (0K), 0 survivors (0K)

[error occurred during error reporting (printing heap information), id 0xc0000005, EXCEPTION_ACCESS_VIOLATION (0xc0000005) at pc=0x00007ffc00a422e9]

GC Heap History (0 events):
No events

Dll operation events (1 events):
Event: 0.004 Loaded shared library C:\Program Files\Microsoft\jdk-17.0.14.7-hotspot\bin\java.dll

Deoptimization events (0 events):
No events

Classes loaded (0 events):
No events

Classes unloaded (0 events):
No events

Classes redefined (0 events):
No events

Internal exceptions (0 events):
No events

VM Operations (0 events):
No events

Memory protections (0 events):
No events

Nmethod flushes (0 events):
No events

Events (0 events):
No events


Dynamic libraries:
0x00007ff683c00000 - 0x00007ff683c0e000 	C:\Program Files\Microsoft\jdk-17.0.14.7-hotspot\bin\java.exe
0x00007ffcaf500000 - 0x00007ffcaf767000 	C:\WINDOWS\SYSTEM32\ntdll.dll
0x00007ffcaecf0000 - 0x00007ffcaedb9000 	C:\WINDOWS\System32\KERNEL32.DLL
0x00007ffcac430000 - 0x00007ffcac824000 	C:\WINDOWS\System32\KERNELBASE.dll
0x00007ffcac220000 - 0x00007ffcac36b000 	C:\WINDOWS\System32\ucrtbase.dll
0x00007ffc9b570000 - 0x00007ffc9b58d000 	C:\Program Files\Microsoft\jdk-17.0.14.7-hotspot\bin\VCRUNTIME140.dll
0x00007ffc9b780000 - 0x00007ffc9b797000 	C:\Program Files\Microsoft\jdk-17.0.14.7-hotspot\bin\jli.dll
0x00007ffcae810000 - 0x00007ffcae9d5000 	C:\WINDOWS\System32\USER32.dll
0x00007ffc99150000 - 0x00007ffc993e3000 	C:\WINDOWS\WinSxS\amd64_microsoft.windows.common-controls_6595b64144ccf1df_6.0.26100.8115_none_3e075c82e3354f9c\COMCTL32.dll
0x00007ffcac1f0000 - 0x00007ffcac217000 	C:\WINDOWS\System32\win32u.dll
0x00007ffcadc70000 - 0x00007ffcadd19000 	C:\WINDOWS\System32\msvcrt.dll
0x00007ffcaeac0000 - 0x00007ffcaeaeb000 	C:\WINDOWS\System32\GDI32.dll
0x00007ffcac0c0000 - 0x00007ffcac1eb000 	C:\WINDOWS\System32\gdi32full.dll
0x00007ffcad1e0000 - 0x00007ffcad283000 	C:\WINDOWS\System32\msvcp_win.dll
0x00007ffcae060000 - 0x00007ffcae092000 	C:\WINDOWS\System32\IMM32.DLL
0x00007ffca74c0000 - 0x00007ffca74cc000 	C:\Program Files\Microsoft\jdk-17.0.14.7-hotspot\bin\vcruntime140_1.dll
0x00007ffc83450000 - 0x00007ffc834dd000 	C:\Program Files\Microsoft\jdk-17.0.14.7-hotspot\bin\msvcp140.dll
0x00007ffc00360000 - 0x00007ffc00fd2000 	C:\Program Files\Microsoft\jdk-17.0.14.7-hotspot\bin\server\jvm.dll
0x00007ffcaf200000 - 0x00007ffcaf2b6000 	C:\WINDOWS\System32\ADVAPI32.dll
0x00007ffcaf150000 - 0x00007ffcaf1f7000 	C:\WINDOWS\System32\sechost.dll
0x00007ffcaee50000 - 0x00007ffcaef68000 	C:\WINDOWS\System32\RPCRT4.dll
0x00007ffcaef70000 - 0x00007ffcaeff0000 	C:\WINDOWS\System32\WS2_32.dll
0x00007ffcabc30000 - 0x00007ffcabc8e000 	C:\WINDOWS\SYSTEM32\POWRPROF.dll
0x00007ffca3090000 - 0x00007ffca30c6000 	C:\WINDOWS\SYSTEM32\WINMM.dll
0x00007ffc99710000 - 0x00007ffc9971b000 	C:\WINDOWS\SYSTEM32\VERSION.dll
0x00007ffcabc10000 - 0x00007ffcabc24000 	C:\WINDOWS\SYSTEM32\UMPDC.dll
0x00007ffcaab20000 - 0x00007ffcaab3b000 	C:\WINDOWS\SYSTEM32\kernel.appcore.dll
0x00007ffca4da0000 - 0x00007ffca4daa000 	C:\Program Files\Microsoft\jdk-17.0.14.7-hotspot\bin\jimage.dll
0x00007ffc99d30000 - 0x00007ffc99f72000 	C:\WINDOWS\SYSTEM32\DBGHELP.DLL
0x00007ffcad290000 - 0x00007ffcad612000 	C:\WINDOWS\System32\combase.dll
0x00007ffcae9e0000 - 0x00007ffcaeab8000 	C:\WINDOWS\System32\OLEAUT32.dll
0x00007ffc970f0000 - 0x00007ffc9712b000 	C:\WINDOWS\SYSTEM32\dbgcore.DLL
0x00007ffcac8c0000 - 0x00007ffcac965000 	C:\WINDOWS\System32\bcryptPrimitives.dll
0x00007ffc88de0000 - 0x00007ffc88e05000 	C:\Program Files\Microsoft\jdk-17.0.14.7-hotspot\bin\java.dll

dbghelp: loaded successfully - version: 4.0.5 - missing functions: none
symbol engine: initialized successfully - sym options: 0x614 - pdb path: .;C:\Program Files\Microsoft\jdk-17.0.14.7-hotspot\bin;C:\WINDOWS\SYSTEM32;C:\WINDOWS\WinSxS\amd64_microsoft.windows.common-controls_6595b64144ccf1df_6.0.26100.8115_none_3e075c82e3354f9c;C:\Program Files\Microsoft\jdk-17.0.14.7-hotspot\bin\server

VM Arguments:
jvm_args: -Dmaven.multiModuleProjectDirectory=. 
java_command: org.apache.maven.wrapper.MavenWrapperMain spring-boot:run
java_class_path (initial): .mvn\wrapper\maven-wrapper.jar
Launcher Type: SUN_STANDARD

[Global flags]
     intx CICompilerCount                          = 12                                        {product} {ergonomic}
     uint ConcGCThreads                            = 4                                         {product} {ergonomic}
     uint G1ConcRefinementThreads                  = 15                                        {product} {ergonomic}
   size_t G1HeapRegionSize                         = 2097152                                   {product} {ergonomic}
    uintx GCDrainStackTargetSize                   = 64                                        {product} {ergonomic}
   size_t InitialHeapSize                          = 264241152                                 {product} {ergonomic}
   size_t MarkStackSize                            = 4194304                                   {product} {ergonomic}
   size_t MaxHeapSize                              = 4204789760                                {product} {ergonomic}
   size_t MinHeapDeltaBytes                        = 2097152                                   {product} {ergonomic}
   size_t MinHeapSize                              = 8388608                                   {product} {ergonomic}
    uintx NonNMethodCodeHeapSize                   = 7602480                                {pd product} {ergonomic}
    uintx NonProfiledCodeHeapSize                  = 122027880                              {pd product} {ergonomic}
    uintx ProfiledCodeHeapSize                     = 122027880                              {pd product} {ergonomic}
    uintx ReservedCodeCacheSize                    = 251658240                              {pd product} {ergonomic}
     bool SegmentedCodeCache                       = true                                      {product} {ergonomic}
   size_t SoftMaxHeapSize                          = 4204789760                             {manageable} {ergonomic}
     bool UseCompressedClassPointers               = true                           {product lp64_product} {ergonomic}
     bool UseCompressedOops                        = true                           {product lp64_product} {ergonomic}
     bool UseG1GC                                  = true                                      {product} {ergonomic}
     bool UseLargePagesIndividualAllocation        = false                                  {pd product} {ergonomic}

Logging:
Log output configuration:
 #0: stdout all=warning uptime,level,tags
 #1: stderr all=off uptime,level,tags

Environment Variables:
JAVA_HOME=C:\Program Files\Microsoft\jdk-17.0.14.7-hotspot\
PATH=C:\Program Files\Microsoft\jdk-17.0.14.7-hotspot\bin;C:\Program Files\Common Files\Oracle\Java\javapath;C:\WINDOWS\system32;C:\WINDOWS;C:\WINDOWS\System32\Wbem;C:\WINDOWS\System32\WindowsPowerShell\v1.0\;C:\WINDOWS\System32\OpenSSH\;C:\Program Files\IBM\SPSS\Statistics\25\JRE\bin;C:\Users\Win11EducPro\Downloads\mongosh-2.4.0-win32-x64.zip\mongosh-2.4.0-win32-x64\bin;C:\ProgramData\chocolatey\bin;C:\Program Files\nodejs\;C:\Users\Win11EducPro\AppData\Local\Android\Sdk\platform-tools;C:\Program Files\Git\cmd;C:\Program Files\GitHub CLI\;C:\Users\Win11EducPro\.local\bin;C:\Users\Win11EducPro\AppData\Local\Programs\Python\Python313\Scripts\;C:\Users\Win11EducPro\AppData\Local\Programs\Python\Python313\;C:\Users\Win11EducPro\AppData\Local\Programs\Python\Launcher\;C:\Users\Win11EducPro\AppData\Local\Microsoft\WindowsApps;C:\Program Files (x86)\Nmap;C:\Users\Win11EducPro\AppData\Local\Microsoft\WinGet\Packages\Schniz.fnm_Microsoft.Winget.Source_8wekyb3d8bbwe;C:\Program Files\JetBrains\IntelliJ IDEA 2024.2.3\bin;;C:\Users\Win11EducPro\AppData\Local\GitHubDesktop\bin;C:\Users\Win11EducPro\AppData\Roaming\npm;C:\Users\Win11EducPro\AppData\Local\Android\Sdk\platform-tools;F:\FLUTTER\flutter\bin;C:\Users\Win11EducPro\AppData\Local\Programs\Microsoft VS Code\bin;C:\Users\Win11EducPro\AppData\Local\Programs\Antigravity\bin
USERNAME=Win11EducPro
OS=Windows_NT
PROCESSOR_IDENTIFIER=Intel64 Family 6 Model 151 Stepping 2, GenuineIntel
TMP=C:\Users\WIN11E~1\AppData\Local\Temp
TEMP=C:\Users\WIN11E~1\AppData\Local\Temp



Periodic native trim disabled


---------------  S Y S T E M  ---------------

OS:
 Windows 11 , 64 bit Build 26100 (10.0.26100.8246)
OS uptime: 0 days 21:40 hours
Hyper-V role detected

CPU: total 20 (initial active 20) (10 cores per cpu, 2 threads per core) family 6 model 151 stepping 2 microcode 0x22, cx8, cmov, fxsr, ht, mmx, 3dnowpref, sse, sse2, sse3, ssse3, sse4.1, sse4.2, popcnt, lzcnt, tsc, tscinvbit, avx, avx2, erms, clmul, bmi1, bmi2, adx, sha, fma, vzeroupper, clflush, clflushopt, clwb, hv
Processor Information for processor 0
  Max Mhz: 2100, Current Mhz: 2100, Mhz Limit: 2100
Processor Information for processor 1
  Max Mhz: 2100, Current Mhz: 2100, Mhz Limit: 2100
Processor Information for processor 2
  Max Mhz: 2100, Current Mhz: 2100, Mhz Limit: 2100
Processor Information for processor 3
  Max Mhz: 2100, Current Mhz: 2100, Mhz Limit: 2100
Processor Information for processor 4
  Max Mhz: 2100, Current Mhz: 2100, Mhz Limit: 2100
Processor Information for processor 5
  Max Mhz: 2100, Current Mhz: 2100, Mhz Limit: 2100
Processor Information for processor 6
  Max Mhz: 2100, Current Mhz: 2100, Mhz Limit: 2100
Processor Information for processor 7
  Max Mhz: 2100, Current Mhz: 2100, Mhz Limit: 2100
Processor Information for processor 8
  Max Mhz: 2100, Current Mhz: 2100, Mhz Limit: 2100
Processor Information for processor 9
  Max Mhz: 2100, Current Mhz: 2100, Mhz Limit: 2100
Processor Information for processor 10
  Max Mhz: 2100, Current Mhz: 2100, Mhz Limit: 2100
Processor Information for processor 11
  Max Mhz: 2100, Current Mhz: 2100, Mhz Limit: 2100
Processor Information for processor 12
  Max Mhz: 2100, Current Mhz: 2100, Mhz Limit: 2100
Processor Information for processor 13
  Max Mhz: 2100, Current Mhz: 2100, Mhz Limit: 2100
Processor Information for processor 14
  Max Mhz: 2100, Current Mhz: 2100, Mhz Limit: 2100
Processor Information for processor 15
  Max Mhz: 2100, Current Mhz: 2100, Mhz Limit: 2100
Processor Information for processor 16
  Max Mhz: 2100, Current Mhz: 1600, Mhz Limit: 1596
Processor Information for processor 17
  Max Mhz: 2100, Current Mhz: 1600, Mhz Limit: 1596
Processor Information for processor 18
  Max Mhz: 2100, Current Mhz: 1600, Mhz Limit: 1596
Processor Information for processor 19
  Max Mhz: 2100, Current Mhz: 1600, Mhz Limit: 1596

Memory: 4k page, system-wide physical 16037M (2744M free)
TotalPageFile size 19004M (AvailPageFile size 69M)
current process WorkingSet (physical memory assigned to process): 12M, peak: 12M
current process commit charge ("private bytes"): 75M, peak: 327M

vm_info: OpenJDK 64-Bit Server VM (17.0.14+7-LTS) for windows-amd64 JRE (17.0.14+7-LTS), built on Jan  8 2025 23:39:28 by "MicrosoftCorporation" with unknown MS VC++:1939

END.
